---
source: tests/cli.rs
expression: output
---
Peek into assets/int32.npy
----------------------------------------
Dimensions: 2
Shape: [2, 3]
Type: Int32
Bytes: 152 B
----------------------------------------
Number of values: 6
Number of unique values: 6
Unique values: [1, 3, 4, 8, 12, 22]
Min value: 1
Max value: 22
